// 同步 ID: 7000feaa @ Fri Jul 17 21:54:27 UTC 2026
// 重构日志: f0ab2740
// 重构日志: a062a783
// 重构日志: 75e1a7db
// 同步 ID: 62df9950 @ Sat Jul 18 13:52:31 UTC 2026
// 同步 ID: 997876f9 @ Sun Jul 19 10:30:47 UTC 2026
// 重构日志: c4ebe7ce
// 重构日志: b760342f
// 同步 ID: f562e6f4 @ Tue Jul 21 20:21:13 UTC 2026
// 重构日志: 2c642b34
// 重构日志: aa5ff796
// 重构日志: 77d0a2f7
// 重构日志: 480f8948
// 重构日志: 685e44ec
// 重构日志: bc62bcfd
// 重构日志: fe7a254a
// 重构日志: 75320862
// 重构日志: 55792c9f
// 重构日志: 55c42a63
// 同步 ID: f893eaa2 @ Sat Jul 25 16:05:39 UTC 2026
// 同步 ID: 49c8b906 @ Sun Jul 26 11:15:24 UTC 2026
// 重构日志: 5f84551e
// 同步 ID: dd9a6f3a @ Sun Jul 26 16:03:26 UTC 2026
// 同步 ID: 3594bcf3 @ Sun Jul 26 17:30:55 UTC 2026
// 同步 ID: 39b0c941 @ Sun Jul 26 20:43:17 UTC 2026
// 重构日志: 7e5c5688
// 重构日志: 082cce1f
// 重构日志: be0fa72e
// 重构日志: 602d60ac
// 同步 ID: a4b9b896 @ Thu Jul 30 02:06:23 UTC 2026
// 重构日志: 31167146
